WARNING: A restricted method in java.lang.System has been called
WARNING: java.lang.System::loadLibrary has been called by com.gurobi.gurobi.GurobiJni in an unnamed module (file:/C:/gurobi1301/win64/lib/gurobi.jar)
WARNING: Use --enable-native-access=ALL-UNNAMED to avoid a warning for callers in this module
WARNING: Restricted methods will be blocked in a future release unless native access is enabled

Set parameter WLSAccessID
Set parameter WLSSecret
Set parameter LicenseID to value 2780922
Academic license 2780922 - for non-commercial use only - registered to ah___@khas.edu.tr
scaling n=2 seed=1 milp=0.0s obj=50250 heur=50250
scaling n=2 seed=2 milp=0.0s obj=70822 heur=70822
scaling n=2 seed=3 milp=0.0s obj=54214 heur=54214
scaling n=2 seed=4 milp=0.0s obj=57909 heur=57909
scaling n=2 seed=5 milp=0.0s obj=38250 heur=38250
scaling n=2 seed=6 milp=0.0s obj=40883 heur=40883
scaling n=2 seed=7 milp=0.0s obj=69541 heur=69541
scaling n=2 seed=8 milp=0.0s obj=64439 heur=64439
scaling n=2 seed=9 milp=0.0s obj=54491 heur=54491
scaling n=2 seed=10 milp=0.0s obj=43283 heur=43283
scaling n=3 seed=1 milp=0.0s obj=55303 heur=55303
scaling n=3 seed=2 milp=0.0s obj=88121 heur=199424
scaling n=3 seed=3 milp=0.0s obj=69204 heur=69204
scaling n=3 seed=4 milp=0.0s obj=117294 heur=190755
scaling n=3 seed=5 milp=0.0s obj=63411 heur=63411
scaling n=3 seed=6 milp=0.0s obj=62945 heur=62945
scaling n=3 seed=7 milp=0.0s obj=73551 heur=73551
scaling n=3 seed=8 milp=0.0s obj=67666 heur=67666
scaling n=3 seed=9 milp=0.0s obj=60382 heur=60382
scaling n=3 seed=10 milp=0.0s obj=59968 heur=59968
scaling n=4 seed=1 milp=0.0s obj=92545 heur=92545
scaling n=4 seed=2 milp=0.0s obj=126086 heur=226394
scaling n=4 seed=3 milp=0.0s obj=77468 heur=166694
scaling n=4 seed=4 milp=0.0s obj=108552 heur=197219
scaling n=4 seed=5 milp=0.0s obj=62595 heur=62595
scaling n=4 seed=6 milp=0.0s obj=80664 heur=162642
scaling n=4 seed=7 milp=0.0s obj=80867 heur=80867
scaling n=4 seed=8 milp=0.0s obj=89909 heur=174932
scaling n=4 seed=9 milp=0.0s obj=67972 heur=135222
scaling n=4 seed=10 milp=0.0s obj=97707 heur=97707
scaling n=5 seed=1 milp=0.0s obj=90949 heur=192024
scaling n=5 seed=2 milp=0.1s obj=112684 heur=112684
scaling n=5 seed=3 milp=0.0s obj=100039 heur=270724
scaling n=5 seed=4 milp=0.1s obj=155013 heur=732082
scaling n=5 seed=5 milp=0.0s obj=84518 heur=170355
scaling n=5 seed=6 milp=0.0s obj=101700 heur=196724
scaling n=5 seed=7 milp=0.0s obj=104518 heur=672627
scaling n=5 seed=8 milp=0.0s obj=117114 heur=1464796
scaling n=5 seed=9 milp=0.0s obj=75830 heur=160070
scaling n=5 seed=10 milp=0.0s obj=130944 heur=170869
scaling n=6 seed=1 milp=0.1s obj=116422 heur=530294
scaling n=6 seed=2 milp=0.2s obj=153877 heur=1756654
scaling n=6 seed=3 milp=0.1s obj=110672 heur=201206
scaling n=6 seed=4 milp=0.2s obj=145818 heur=700699
scaling n=6 seed=5 milp=0.1s obj=92352 heur=187060
scaling n=6 seed=6 milp=0.1s obj=106409 heur=556395
scaling n=6 seed=7 milp=0.1s obj=112755 heur=593382
scaling n=6 seed=8 milp=0.3s obj=98007 heur=372168
scaling n=6 seed=9 milp=0.2s obj=105888 heur=172340
scaling n=6 seed=10 milp=0.2s obj=142275 heur=215101
scaling n=8 seed=1 milp=1.1s obj=125561 heur=802632
scaling n=8 seed=2 milp=1.8s obj=153004 heur=734253
scaling n=8 seed=3 milp=1.0s obj=150528 heur=1156144
scaling n=8 seed=4 milp=2.0s obj=179448 heur=1128077
scaling n=8 seed=5 milp=1.7s obj=120079 heur=647112
scaling n=8 seed=6 milp=1.9s obj=121796 heur=888647
scaling n=8 seed=7 milp=2.1s obj=144593 heur=2033131
scaling n=8 seed=8 milp=2.6s obj=149073 heur=3330077
scaling n=8 seed=9 milp=2.7s obj=133946 heur=166521
scaling n=8 seed=10 milp=3.3s obj=196614 heur=3798863
scaling n=10 seed=1 milp=100.4s obj=166112 heur=995323
scaling n=10 seed=2 milp=83.1s obj=199897 heur=1871972
scaling n=10 seed=3 milp=118.4s obj=192025 heur=1689370
scaling n=10 seed=4 milp=92.6s obj=228819 heur=5063032
scaling n=10 seed=5 milp=71.3s obj=148297 heur=1930998
scaling n=10 seed=6 milp=54.7s obj=156359 heur=1528589
scaling n=10 seed=7 milp=167.0s obj=161304 heur=2311406
scaling n=10 seed=8 milp=301.8s obj=149109 heur=1176222
scaling n=10 seed=9 milp=213.9s obj=197632 heur=2351115
scaling n=10 seed=10 milp=50.9s obj=185632 heur=1750826
scaling n=15 seed=1 milp=1809.2s obj=293014 heur=6795583
scaling n=15 seed=2 milp=1806.7s obj=266438 heur=4304799
scaling n=15 seed=3 milp=1808.0s obj=234952 heur=4381031
scaling n=15 seed=4 milp=1806.3s obj=306191 heur=12699570
scaling n=15 seed=5 milp=1807.0s obj=295656 heur=8177147
scaling n=15 seed=6 milp=1806.5s obj=237736 heur=4430467
scaling n=15 seed=7 milp=1808.9s obj=265600 heur=9867270
scaling n=15 seed=8 milp=1808.7s obj=198386 heur=6249218
scaling n=15 seed=9 milp=1808.1s obj=269952 heur=2646966
scaling n=15 seed=10 milp=1807.3s obj=272567 heur=6577450
scaling n=20 seed=1 milp=1805.5s obj=403158 heur=5650092
scaling n=20 seed=2 milp=1805.6s obj=948756 heur=24120865
scaling n=20 seed=3 milp=1806.4s obj=510466 heur=16310748
scaling n=20 seed=4 milp=1805.5s obj=755106 heur=19974629
scaling n=20 seed=5 milp=1805.0s obj=453166 heur=19736352
scaling n=20 seed=6 milp=1804.2s obj=391089 heur=13108895
scaling n=20 seed=7 milp=1804.3s obj=367012 heur=11084317
scaling n=20 seed=8 milp=1805.6s obj=282477 heur=9943819
scaling n=20 seed=9 milp=1804.8s obj=740876 heur=18343551
scaling n=20 seed=10 milp=1806.1s obj=511713 heur=21911383
scaling n=30 seed=1 milp=1805.1s obj=2453881 heur=31119364
scaling n=30 seed=2 milp=1805.7s obj=3170941 heur=43855000
scaling n=30 seed=3 milp=1804.8s obj=2003987 heur=38084533
scaling n=30 seed=4 milp=1806.5s obj=2683624 heur=50910981
scaling n=30 seed=5 milp=1804.2s obj=2988617 heur=41274800
scaling n=30 seed=6 milp=1804.8s obj=1693886 heur=31657582
scaling n=30 seed=7 milp=1804.2s obj=2099144 heur=41993865
scaling n=30 seed=8 milp=1804.1s obj=1855366 heur=35280420
scaling n=30 seed=9 milp=1805.6s obj=2260179 heur=25962332
scaling n=30 seed=10 milp=1804.2s obj=2073291 heur=46134591
Bitti. CSV ciktilari: results/
